This is a sample template that contains various forms of join substitutions.

This line contains a join with ',' as the glue: val1,val2,val3
This line contains a join with ' ' as the glue: val1 val2 val3

This is a line containing a join nested in an if statement: val1 val2 val3

This is a line containing a join nested in an if statement: val1 val2 val3
