<?php
This is a sample template with simple substitutions.

This line contains an inline substitution: val1
This line contains two substitutions: val2 val3
The following line contains a value on its own
val1

This line contains an inline substitution
This line contains a substitution with no whitespace: val1
This line contains a substitution with no whitespace before the variable name: val1
This line contains a substitution with no whitespace after the variable name: val1
This line contains a substitution with lots of whitespace: val1
This line contains a substutution with a tab (why?) val1
